clang version 7.0.0-3~ubuntu0.18.04.1 (tags/RELEASE_700/final)
 
 gcc -g p2original.c
 ./a.out
Enter the sides1
Enter the sides2
Enter the sides3
Triangle is scalene 
 ./a.out
Enter the sides1
Enter the sides1
Enter the sides2
Triangle is not scalene 
 ./a.out
Enter the sides12
Enter the sides1
Enter the sides1
Triangle is not scalene 
 gdb a.out
GNU gdb (Ubuntu 8.1.1-0ubuntu1) 8.1.1
Copyright (C) 2018 Free Software Foundation, Inc.
License GPLv3+: GNU GPL version 3 or later <http://gnu.org/licenses/gpl.html>
This is free software: you are free to change and redistribute it.
There is NO WARRANTY, to the extent permitted by law.  Type "show copying"
and "show warranty" for details.
This GDB was configured as "x86_64-linux-gnu".
Type "show configuration" for configuration details.
For bug reporting instructions, please see:
<http://www.gnu.org/software/gdb/bugs/>.
Find the GDB manual and other documentation resources online at:
<http://www.gnu.org/software/gdb/documentation/>.
For help, type "help".
Type "apropos word" to search for commands related to "word"...
Reading symbols from a.out...done.
(gdb) b main
Breakpoint 1 at 0x7e7: file p2original.c, line 26.
(gdb) r
Starting program: /home/runner/ppa-IA2-practice2-2/a.out 
warning: Error disabling address space randomization: Operation not permitted

Breakpoint 1, main () at p2original.c:26
26    a= input_side();
(gdb) s
input_side () at p2original.c:3
3   {
(gdb) n
5     printf("Enter the sides");
(gdb) n
6     scanf("%d",&a);
(gdb) n
Enter the sides1
7     return a;
(gdb) n
8   }
(gdb) n
main () at p2original.c:27
27    b= input_side();
(gdb) s
input_side () at p2original.c:3
3   {
(gdb) n
5     printf("Enter the sides");
(gdb) n
6     scanf("%d",&a);
(gdb) n
Enter the sides2
7     return a;
(gdb) n
8   }
(gdb) n
main () at p2original.c:28
28    c= input_side();
(gdb) s
input_side () at p2original.c:3
3   {
(gdb) n
5     printf("Enter the sides");
(gdb) n
6     scanf("%d",&a);
(gdb) n
Enter the sides3
7     return a;
(gdb) n
8   }
(gdb) n
main () at p2original.c:29
29    d= check_scalene(a,b,c);
(gdb) s
check_scalene (a=1, b=2, c=3) at p2original.c:11
11    if(a!=b && b!=c)
(gdb) n
12    return 0;
(gdb) n
15  }
(gdb) n
main () at p2original.c:30
30    output(a,b,c,d);
(gdb) s
output (a=1, b=2, c=3, scalene=0) at p2original.c:18
18  if(scalene==0)
(gdb) n
19  printf("Triangle is scalene");
(gdb) n
22  }
(gdb) n
main () at p2original.c:31
31    return 0;
(gdb) n
32  }(gdb) n
__libc_start_main (main=0x56024e0007df <main>, argc=1, 
    argv=0x7ffe48b3da38, init=<optimized out>, 
    fini=<optimized out>, rtld_fini=<optimized out>, 
    stack_end=0x7ffe48b3da28) at ../csu/libc-start.c:344
344 ../csu/libc-start.c: No such file or directory.
(gdb) n
Triangle is scalene[Inferior 1 (process 1198) exited normally]
